// Jest Snapshot v1, https://goo.gl/fbAQLP

exports[`refreshAccessToken attempts to exchange authorization code for access token 1`] = `
Array [
  Array [
    "lo-app-tools-auth",
    "{\\"access_token\\":\\"access_token\\",\\"expires_in\\":3600,\\"id_token\\":\\"id_token\\",\\"refresh_token\\":\\"refresh_token\\",\\"token_type\\":\\"Bearer\\",\\"expires\\":100}",
  ],
]
`;

exports[`refreshAccessToken performs refresh_token if called with expiringRefresh 1`] = `
Array [
  Array [
    "lo-app-tools-auth",
    "{\\"access_token\\":\\"access_token\\",\\"expires_in\\":3600,\\"id_token\\":\\"id_token\\",\\"refresh_token\\":\\"refresh_token\\",\\"token_type\\":\\"Bearer\\",\\"expires\\":100}",
  ],
  Array [
    "lo-app-tools-auth",
    "{\\"access_token\\":\\"access_token\\",\\"expires_in\\":3600,\\"id_token\\":\\"id_token\\",\\"refresh_token\\":\\"refresh_token\\",\\"token_type\\":\\"Bearer\\",\\"expires\\":100}",
  ],
]
`;
